AR trigger_recv_blk behavioral /home/rrivera/g-2/fromWindows/KickerControllerFirmware-master/GEL_CAPTAN/trigger_recv_blk.vhd sub00/vhpl61 1508787289
AR ethernetram ethernetram_a /home/rrivera/g-2/fromWindows/KickerControllerFirmware-master/GEL_CAPTAN/ipcore_dir/EthernetRAM.vhd sub00/vhpl73 1508787301
AR peakfinder behavioral /home/rrivera/g-2/fromWindows/KickerControllerFirmware-master/GEL_CAPTAN/PeakFinder.vhd sub00/vhpl71 1508787299
EN address_container NULL /home/rrivera/g-2/fromWindows/KickerControllerFirmware-master/oei/address_container.vhd sub00/vhpl02 1508787230
AR m2_1_mxilinx_top_level behavioral /home/rrivera/g-2/fromWindows/KickerControllerFirmware-master/GEL_CAPTAN/TOP_LEVEL.vhf sub00/vhpl79 1508787307
EN ethernet_controller NULL /home/rrivera/g-2/fromWindows/KickerControllerFirmware-master/oei/ethernet_controller.vhd sub00/vhpl40 1508787268
AR reset_mgr behavioral /home/rrivera/g-2/fromWindows/KickerControllerFirmware-master/oei/reset_mgr.vhd sub00/vhpl53 1508787281
EN filter_data_out NULL /home/rrivera/g-2/fromWindows/KickerControllerFirmware-master/oei/filter_data_out.vhd sub00/vhpl16 1508787244
PH params_package NULL /home/rrivera/g-2/fromWindows/KickerControllerFirmware-master/oei/params_package.vhd sub00/vhpl00 1508787228
EN ethernet_controller_wrapper NULL /home/rrivera/g-2/fromWindows/KickerControllerFirmware-master/oei/ethernet_controller_wrapper.vhd sub00/vhpl46 1508787274
AR addr_fifo addr_fifo_a /home/rrivera/g-2/fromWindows/KickerControllerFirmware-master/ipcore_dir/ADDR_FIFO.vhd sub00/vhpl31 1508787259
EN reset_mgr NULL /home/rrivera/g-2/fromWindows/KickerControllerFirmware-master/oei/reset_mgr.vhd sub00/vhpl52 1508787280
AR ram_comm_dec arch /home/rrivera/g-2/fromWindows/KickerControllerFirmware-master/oei/ram_comm_dec.vhd sub00/vhpl37 1508787265
EN ethernetram NULL /home/rrivera/g-2/fromWindows/KickerControllerFirmware-master/GEL_CAPTAN/ipcore_dir/EthernetRAM.vhd sub00/vhpl72 1508787300
EN ip_checksum_calc NULL /home/rrivera/g-2/fromWindows/KickerControllerFirmware-master/oei/ip_checksum_calc.vhd sub00/vhpl08 1508787236
EN fd8re_mxilinx_top_level NULL /home/rrivera/g-2/fromWindows/KickerControllerFirmware-master/GEL_CAPTAN/TOP_LEVEL.vhf sub00/vhpl82 1508787310
EN data_manager NULL /home/rrivera/g-2/fromWindows/KickerControllerFirmware-master/oei/data_manager.vhd sub00/vhpl48 1508787276
AR obuf8_mxilinx_top_level behavioral /home/rrivera/g-2/fromWindows/KickerControllerFirmware-master/GEL_CAPTAN/TOP_LEVEL.vhf sub00/vhpl85 1508787313
EN burst_controller_sm NULL /home/rrivera/g-2/fromWindows/KickerControllerFirmware-master/oei/burst_controller_sm.vhd sub00/vhpl32 1508787260
AR buffer_10bit behavioral /home/rrivera/g-2/fromWindows/KickerControllerFirmware-master/GEL_CAPTAN/buffer_10bit.vhd sub00/vhpl59 1508787287
EN dataout_mux NULL /home/rrivera/g-2/fromWindows/KickerControllerFirmware-master/oei/dataout_mux.vhd sub00/vhpl12 1508787240
AR burst_traffic_controller burst_traffic_controller_arch /home/rrivera/g-2/fromWindows/KickerControllerFirmware-master/oei/burst_traffic_controller.vhd sub00/vhpl51 1508787279
AR version_blk behavioral /home/rrivera/g-2/fromWindows/KickerControllerFirmware-master/GEL_CAPTAN/VERSION_BLK.vhd sub00/vhpl55 1508787283
EN data_fifo_0 NULL /home/rrivera/g-2/fromWindows/KickerControllerFirmware-master/ipcore_dir/DATA_FIFO_0.vhd sub00/vhpl26 1508787254
AR udp_data_splicer udp_data_splicer_arch /home/rrivera/g-2/fromWindows/KickerControllerFirmware-master/oei/udp_data_splicer.vhd sub00/vhpl23 1508787251
AR address_container arch /home/rrivera/g-2/fromWindows/KickerControllerFirmware-master/oei/address_container.vhd sub00/vhpl03 1508787231
AR top_level behavioral /home/rrivera/g-2/fromWindows/KickerControllerFirmware-master/GEL_CAPTAN/TOP_LEVEL.vhf sub00/vhpl89 1508787317
AR mux64_8 behavioral /home/rrivera/g-2/fromWindows/KickerControllerFirmware-master/GEL_CAPTAN/MUX64_8.vhd sub00/vhpl57 1508787285
EN or33 NULL /home/rrivera/g-2/fromWindows/KickerControllerFirmware-master/oei/or33.vhd sub00/vhpl06 1508787234
EN d4_16e_mxilinx_top_level NULL /home/rrivera/g-2/fromWindows/KickerControllerFirmware-master/GEL_CAPTAN/TOP_LEVEL.vhf sub00/vhpl86 1508787314
EN adc_fifo NULL /home/rrivera/g-2/fromWindows/KickerControllerFirmware-master/GEL_CAPTAN/ipcore_dir/ADC_FIFO.vhd sub00/vhpl68 1508787296
AR tx_seq_ctl arch /home/rrivera/g-2/fromWindows/KickerControllerFirmware-master/oei/tx_seq_ctl.vhd sub00/vhpl39 1508787267
AR icmp_ping_shift_reg arch /home/rrivera/g-2/fromWindows/KickerControllerFirmware-master/oei/icmp_ping_shift_reg.vhd sub00/vhpl21 1508787249
AR ext_ip_addr_map behavioral /home/rrivera/g-2/fromWindows/KickerControllerFirmware-master/GEL_CAPTAN/ext_ip_addr_map.vhd sub00/vhpl77 1508787305
AR fd16re_mxilinx_top_level behavioral /home/rrivera/g-2/fromWindows/KickerControllerFirmware-master/GEL_CAPTAN/TOP_LEVEL.vhf sub00/vhpl81 1508787309
AR clocklatchsignals behavioral /home/rrivera/g-2/fromWindows/KickerControllerFirmware-master/GEL_CAPTAN/ClockLatchSignals.vhd sub00/vhpl67 1508787295
AR decipherer decipherer_arch /home/rrivera/g-2/fromWindows/KickerControllerFirmware-master/oei/decipherer.vhd sub00/vhpl15 1508787243
EN ram_comm_dec NULL /home/rrivera/g-2/fromWindows/KickerControllerFirmware-master/oei/ram_comm_dec.vhd sub00/vhpl36 1508787264
EN tx_seq_ctl NULL /home/rrivera/g-2/fromWindows/KickerControllerFirmware-master/oei/tx_seq_ctl.vhd sub00/vhpl38 1508787266
AR adc_fifo adc_fifo_a /home/rrivera/g-2/fromWindows/KickerControllerFirmware-master/GEL_CAPTAN/ipcore_dir/ADC_FIFO.vhd sub00/vhpl69 1508787297
AR ethernet_controller_wrapper arch /home/rrivera/g-2/fromWindows/KickerControllerFirmware-master/oei/ethernet_controller_wrapper.vhd sub00/vhpl47 1508787275
EN rx_ctl NULL /home/rrivera/g-2/fromWindows/KickerControllerFirmware-master/oei/rx_ctl.vhd sub00/vhpl34 1508787262
AR filter_data_out filter_data_out_arch /home/rrivera/g-2/fromWindows/KickerControllerFirmware-master/oei/filter_data_out.vhd sub00/vhpl17 1508787245
AR event_analysis behavioral /home/rrivera/g-2/fromWindows/KickerControllerFirmware-master/GEL_CAPTAN/event_analysis.vhd sub00/vhpl75 1508787303
MO crc_gen NULL ../oei/crc_gen.v vlg21/crc__gen.bin 1508787228
AR info_fifo_0 info_fifo_0_a /home/rrivera/g-2/fromWindows/KickerControllerFirmware-master/ipcore_dir/INFO_FIFO_0.vhd sub00/vhpl29 1508787257
EN version_blk NULL /home/rrivera/g-2/fromWindows/KickerControllerFirmware-master/GEL_CAPTAN/VERSION_BLK.vhd sub00/vhpl54 1508787282
AR data_send behavioral /home/rrivera/g-2/fromWindows/KickerControllerFirmware-master/GEL_CAPTAN/data_send.vhd sub00/vhpl65 1508787293
AR rx_ctl arch /home/rrivera/g-2/fromWindows/KickerControllerFirmware-master/oei/rx_ctl.vhd sub00/vhpl35 1508787263
EN peakfinder NULL /home/rrivera/g-2/fromWindows/KickerControllerFirmware-master/GEL_CAPTAN/PeakFinder.vhd sub00/vhpl70 1508787298
AR data_fifo_0 data_fifo_0_a /home/rrivera/g-2/fromWindows/KickerControllerFirmware-master/ipcore_dir/DATA_FIFO_0.vhd sub00/vhpl27 1508787255
AR ip_checksum_calc arch /home/rrivera/g-2/fromWindows/KickerControllerFirmware-master/oei/ip_checksum_calc.vhd sub00/vhpl09 1508787237
EN create_packet NULL /home/rrivera/g-2/fromWindows/KickerControllerFirmware-master/oei/create_packet.vhd sub00/vhpl10 1508787238
AR burst_controller_sm burst_controller_sm_arch /home/rrivera/g-2/fromWindows/KickerControllerFirmware-master/oei/burst_controller_sm.vhd sub00/vhpl33 1508787261
AR crc_splice arch /home/rrivera/g-2/fromWindows/KickerControllerFirmware-master/oei/crc_splice.vhd sub00/vhpl45 1508787273
AR d4_16e_mxilinx_top_level behavioral /home/rrivera/g-2/fromWindows/KickerControllerFirmware-master/GEL_CAPTAN/TOP_LEVEL.vhf sub00/vhpl87 1508787315
AR fd8re_mxilinx_top_level behavioral /home/rrivera/g-2/fromWindows/KickerControllerFirmware-master/GEL_CAPTAN/TOP_LEVEL.vhf sub00/vhpl83 1508787311
EN icmp_ping_shift_reg NULL /home/rrivera/g-2/fromWindows/KickerControllerFirmware-master/oei/icmp_ping_shift_reg.vhd sub00/vhpl20 1508787248
AR ethernet_controller arch /home/rrivera/g-2/fromWindows/KickerControllerFirmware-master/oei/ethernet_controller.vhd sub00/vhpl41 1508787269
EN data_send NULL /home/rrivera/g-2/fromWindows/KickerControllerFirmware-master/GEL_CAPTAN/data_send.vhd sub00/vhpl64 1508787292
EN icmp_ping_checksum_calc NULL /home/rrivera/g-2/fromWindows/KickerControllerFirmware-master/oei/icmp_ping_checksum_calc.vhd sub00/vhpl18 1508787246
AR icmp_ping_checksum_calc icmp_ping_checksum_calc_arch /home/rrivera/g-2/fromWindows/KickerControllerFirmware-master/oei/icmp_ping_checksum_calc.vhd sub00/vhpl19 1508787247
AR user_addrs_mux user_addrs_mux_arch /home/rrivera/g-2/fromWindows/KickerControllerFirmware-master/oei/user_addrs_mux.vhd sub00/vhpl25 1508787253
EN m2_1_mxilinx_top_level NULL /home/rrivera/g-2/fromWindows/KickerControllerFirmware-master/GEL_CAPTAN/TOP_LEVEL.vhf sub00/vhpl78 1508787306
EN event_analysis NULL /home/rrivera/g-2/fromWindows/KickerControllerFirmware-master/GEL_CAPTAN/event_analysis.vhd sub00/vhpl74 1508787302
EN buffer_10bit NULL /home/rrivera/g-2/fromWindows/KickerControllerFirmware-master/GEL_CAPTAN/buffer_10bit.vhd sub00/vhpl58 1508787286
AR create_packet create_packet_arch /home/rrivera/g-2/fromWindows/KickerControllerFirmware-master/oei/create_packet.vhd sub00/vhpl11 1508787239
EN burst_traffic_controller NULL /home/rrivera/g-2/fromWindows/KickerControllerFirmware-master/oei/burst_traffic_controller.vhd sub00/vhpl50 1508787278
AR or33 or33_arch /home/rrivera/g-2/fromWindows/KickerControllerFirmware-master/oei/or33.vhd sub00/vhpl07 1508787235
AR arp_reply arp_reply_arch /home/rrivera/g-2/fromWindows/KickerControllerFirmware-master/oei/arp_reply.vhd sub00/vhpl05 1508787233
EN user_addrs_mux NULL /home/rrivera/g-2/fromWindows/KickerControllerFirmware-master/oei/user_addrs_mux.vhd sub00/vhpl24 1508787252
EN trigger_recv_blk NULL /home/rrivera/g-2/fromWindows/KickerControllerFirmware-master/GEL_CAPTAN/trigger_recv_blk.vhd sub00/vhpl60 1508787288
EN mii_100_1000_handler NULL /home/rrivera/g-2/fromWindows/KickerControllerFirmware-master/oei/xmii_handler.vhd sub00/vhpl42 1508787270
EN crc_splice NULL /home/rrivera/g-2/fromWindows/KickerControllerFirmware-master/oei/crc_splice.vhd sub00/vhpl44 1508787272
AR ethernet_interface behavioral /home/rrivera/g-2/fromWindows/KickerControllerFirmware-master/oei/ethernet_interface.vhd sub00/vhpl63 1508787291
EN ethernet_interface NULL /home/rrivera/g-2/fromWindows/KickerControllerFirmware-master/oei/ethernet_interface.vhd sub00/vhpl62 1508787290
EN fd16re_mxilinx_top_level NULL /home/rrivera/g-2/fromWindows/KickerControllerFirmware-master/GEL_CAPTAN/TOP_LEVEL.vhf sub00/vhpl80 1508787308
EN udp_data_splicer NULL /home/rrivera/g-2/fromWindows/KickerControllerFirmware-master/oei/udp_data_splicer.vhd sub00/vhpl22 1508787250
AR dataout_mux dataout_mux_arch /home/rrivera/g-2/fromWindows/KickerControllerFirmware-master/oei/dataout_mux.vhd sub00/vhpl13 1508787241
AR data_manager behavioral /home/rrivera/g-2/fromWindows/KickerControllerFirmware-master/oei/data_manager.vhd sub00/vhpl49 1508787277
EN ext_ip_addr_map NULL /home/rrivera/g-2/fromWindows/KickerControllerFirmware-master/GEL_CAPTAN/ext_ip_addr_map.vhd sub00/vhpl76 1508787304
EN info_fifo_0 NULL /home/rrivera/g-2/fromWindows/KickerControllerFirmware-master/ipcore_dir/INFO_FIFO_0.vhd sub00/vhpl28 1508787256
EN arp_reply NULL /home/rrivera/g-2/fromWindows/KickerControllerFirmware-master/oei/arp_reply.vhd sub00/vhpl04 1508787232
MO crc_chk NULL ../oei/crc_chk.v vlg49/crc__chk.bin 1508787228
AR mii_100_1000_handler arch /home/rrivera/g-2/fromWindows/KickerControllerFirmware-master/oei/xmii_handler.vhd sub00/vhpl43 1508787271
PB params_package params_package /home/rrivera/g-2/fromWindows/KickerControllerFirmware-master/oei/params_package.vhd sub00/vhpl01 1508787229
EN mux64_8 NULL /home/rrivera/g-2/fromWindows/KickerControllerFirmware-master/GEL_CAPTAN/MUX64_8.vhd sub00/vhpl56 1508787284
EN top_level NULL /home/rrivera/g-2/fromWindows/KickerControllerFirmware-master/GEL_CAPTAN/TOP_LEVEL.vhf sub00/vhpl88 1508787316
EN decipherer NULL /home/rrivera/g-2/fromWindows/KickerControllerFirmware-master/oei/decipherer.vhd sub00/vhpl14 1508787242
EN addr_fifo NULL /home/rrivera/g-2/fromWindows/KickerControllerFirmware-master/ipcore_dir/ADDR_FIFO.vhd sub00/vhpl30 1508787258
EN obuf8_mxilinx_top_level NULL /home/rrivera/g-2/fromWindows/KickerControllerFirmware-master/GEL_CAPTAN/TOP_LEVEL.vhf sub00/vhpl84 1508787312
EN clocklatchsignals NULL /home/rrivera/g-2/fromWindows/KickerControllerFirmware-master/GEL_CAPTAN/ClockLatchSignals.vhd sub00/vhpl66 1508787294
