V3 205
FL /home/rrivera/g-2/fromWindows/KickerControllerFirmware-master/GEL_CAPTAN/buffer_10bit.vhd 2017/10/08.10:24:44 P.20131013
EN work/buffer_10bit 1508175275 \
      FL /home/rrivera/g-2/fromWindows/KickerControllerFirmware-master/GEL_CAPTAN/buffer_10bit.vhd \
      PB ieee/std_logic_1164 1381692176 PB ieee/std_logic_arith 1381692177 \
      PB ieee/STD_LOGIC_UNSIGNED 1381692179
AR work/buffer_10bit/Behavioral 1508175276 \
      FL /home/rrivera/g-2/fromWindows/KickerControllerFirmware-master/GEL_CAPTAN/buffer_10bit.vhd \
      EN work/buffer_10bit 1508175275
FL /home/rrivera/g-2/fromWindows/KickerControllerFirmware-master/GEL_CAPTAN/ClockLatchSignals.vhd 2017/10/08.10:24:38 P.20131013
EN work/ClockLatchSignals 1508175283 \
      FL /home/rrivera/g-2/fromWindows/KickerControllerFirmware-master/GEL_CAPTAN/ClockLatchSignals.vhd \
      PB ieee/NUMERIC_STD 1381692181 PB ieee/std_logic_1164 1381692176 \
      PB ieee/STD_LOGIC_UNSIGNED 1381692179
AR work/ClockLatchSignals/Behavioral 1508175284 \
      FL /home/rrivera/g-2/fromWindows/KickerControllerFirmware-master/GEL_CAPTAN/ClockLatchSignals.vhd \
      EN work/ClockLatchSignals 1508175283
FL /home/rrivera/g-2/fromWindows/KickerControllerFirmware-master/GEL_CAPTAN/data_send.vhd 2017/10/08.10:24:46 P.20131013
EN work/data_send 1508175281 \
      FL /home/rrivera/g-2/fromWindows/KickerControllerFirmware-master/GEL_CAPTAN/data_send.vhd \
      PB ieee/std_logic_1164 1381692176 PB ieee/NUMERIC_STD 1381692181 \
      PB ieee/STD_LOGIC_UNSIGNED 1381692179
AR work/data_send/Behavioral 1508175282 \
      FL /home/rrivera/g-2/fromWindows/KickerControllerFirmware-master/GEL_CAPTAN/data_send.vhd \
      EN work/data_send 1508175281
FL /home/rrivera/g-2/fromWindows/KickerControllerFirmware-master/GEL_CAPTAN/event_analysis.vhd 2017/10/08.10:24:48 P.20131013
EN work/event_analysis 1508175291 \
      FL /home/rrivera/g-2/fromWindows/KickerControllerFirmware-master/GEL_CAPTAN/event_analysis.vhd \
      PB ieee/std_logic_1164 1381692176 PB ieee/NUMERIC_STD 1381692181 \
      PB ieee/STD_LOGIC_UNSIGNED 1381692179
AR work/event_analysis/Behavioral 1508175292 \
      FL /home/rrivera/g-2/fromWindows/KickerControllerFirmware-master/GEL_CAPTAN/event_analysis.vhd \
      EN work/event_analysis 1508175291
FL /home/rrivera/g-2/fromWindows/KickerControllerFirmware-master/GEL_CAPTAN/ext_ip_addr_map.vhd 2017/10/08.10:24:48 P.20131013
EN work/ext_ip_addr_map 1508175293 \
      FL /home/rrivera/g-2/fromWindows/KickerControllerFirmware-master/GEL_CAPTAN/ext_ip_addr_map.vhd \
      PB ieee/std_logic_1164 1381692176
AR work/ext_ip_addr_map/Behavioral 1508175294 \
      FL /home/rrivera/g-2/fromWindows/KickerControllerFirmware-master/GEL_CAPTAN/ext_ip_addr_map.vhd \
      EN work/ext_ip_addr_map 1508175293
FL /home/rrivera/g-2/fromWindows/KickerControllerFirmware-master/GEL_CAPTAN/ipcore_dir/ADC_FIFO.vhd 2017/10/08.10:24:50 P.20131013
EN work/ADC_FIFO 1508175285 \
      FL /home/rrivera/g-2/fromWindows/KickerControllerFirmware-master/GEL_CAPTAN/ipcore_dir/ADC_FIFO.vhd \
      PB ieee/std_logic_1164 1381692176
AR work/ADC_FIFO/ADC_FIFO_a 1508175286 \
      FL /home/rrivera/g-2/fromWindows/KickerControllerFirmware-master/GEL_CAPTAN/ipcore_dir/ADC_FIFO.vhd \
      EN work/ADC_FIFO 1508175285
FL /home/rrivera/g-2/fromWindows/KickerControllerFirmware-master/GEL_CAPTAN/ipcore_dir/EthernetRAM.vhd 2017/10/08.10:24:50 P.20131013
EN work/EthernetRAM 1508175289 \
      FL /home/rrivera/g-2/fromWindows/KickerControllerFirmware-master/GEL_CAPTAN/ipcore_dir/EthernetRAM.vhd \
      PB ieee/std_logic_1164 1381692176
AR work/EthernetRAM/EthernetRAM_a 1508175290 \
      FL /home/rrivera/g-2/fromWindows/KickerControllerFirmware-master/GEL_CAPTAN/ipcore_dir/EthernetRAM.vhd \
      EN work/EthernetRAM 1508175289
FL /home/rrivera/g-2/fromWindows/KickerControllerFirmware-master/GEL_CAPTAN/MUX64_8.vhd 2017/10/08.10:24:42 P.20131013
EN work/MUX64_8 1508175273 \
      FL /home/rrivera/g-2/fromWindows/KickerControllerFirmware-master/GEL_CAPTAN/MUX64_8.vhd \
      PB ieee/std_logic_1164 1381692176 PB ieee/std_logic_arith 1381692177 \
      PB ieee/STD_LOGIC_UNSIGNED 1381692179
AR work/MUX64_8/Behavioral 1508175274 \
      FL /home/rrivera/g-2/fromWindows/KickerControllerFirmware-master/GEL_CAPTAN/MUX64_8.vhd \
      EN work/MUX64_8 1508175273
FL /home/rrivera/g-2/fromWindows/KickerControllerFirmware-master/GEL_CAPTAN/PeakFinder.vhd 2017/10/08.10:24:42 P.20131013
EN work/PeakFinder 1508175287 \
      FL /home/rrivera/g-2/fromWindows/KickerControllerFirmware-master/GEL_CAPTAN/PeakFinder.vhd \
      PB ieee/NUMERIC_STD 1381692181 PB ieee/std_logic_1164 1381692176 \
      PB ieee/STD_LOGIC_UNSIGNED 1381692179
AR work/PeakFinder/Behavioral 1508175288 \
      FL /home/rrivera/g-2/fromWindows/KickerControllerFirmware-master/GEL_CAPTAN/PeakFinder.vhd \
      EN work/PeakFinder 1508175287
FL /home/rrivera/g-2/fromWindows/KickerControllerFirmware-master/GEL_CAPTAN/TOP_LEVEL.vhf 2017/10/16.12:33:34 P.20131013
EN work/FD8RE_MXILINX_TOP_LEVEL 1508175295 \
      FL /home/rrivera/g-2/fromWindows/KickerControllerFirmware-master/GEL_CAPTAN/TOP_LEVEL.vhf \
      PB ieee/std_logic_1164 1381692176 PB ieee/NUMERIC_STD 1381692181 LB UNISIM \
      PH unisim/VCOMPONENTS 1381692182
AR work/FD8RE_MXILINX_TOP_LEVEL/BEHAVIORAL 1508175296 \
      FL /home/rrivera/g-2/fromWindows/KickerControllerFirmware-master/GEL_CAPTAN/TOP_LEVEL.vhf \
      EN work/FD8RE_MXILINX_TOP_LEVEL 1508175295 CP FDRE
EN work/OBUF8_MXILINX_TOP_LEVEL 1508175297 \
      FL /home/rrivera/g-2/fromWindows/KickerControllerFirmware-master/GEL_CAPTAN/TOP_LEVEL.vhf \
      PB ieee/std_logic_1164 1381692176 PB ieee/NUMERIC_STD 1381692181 LB UNISIM \
      PH unisim/VCOMPONENTS 1381692182
AR work/OBUF8_MXILINX_TOP_LEVEL/BEHAVIORAL 1508175298 \
      FL /home/rrivera/g-2/fromWindows/KickerControllerFirmware-master/GEL_CAPTAN/TOP_LEVEL.vhf \
      EN work/OBUF8_MXILINX_TOP_LEVEL 1508175297 CP OBUF
EN work/FD16RE_MXILINX_TOP_LEVEL 1508175299 \
      FL /home/rrivera/g-2/fromWindows/KickerControllerFirmware-master/GEL_CAPTAN/TOP_LEVEL.vhf \
      PB ieee/std_logic_1164 1381692176 PB ieee/NUMERIC_STD 1381692181 LB UNISIM \
      PH unisim/VCOMPONENTS 1381692182
AR work/FD16RE_MXILINX_TOP_LEVEL/BEHAVIORAL 1508175300 \
      FL /home/rrivera/g-2/fromWindows/KickerControllerFirmware-master/GEL_CAPTAN/TOP_LEVEL.vhf \
      EN work/FD16RE_MXILINX_TOP_LEVEL 1508175299 CP FDRE
EN work/M2_1_MXILINX_TOP_LEVEL 1508175301 \
      FL /home/rrivera/g-2/fromWindows/KickerControllerFirmware-master/GEL_CAPTAN/TOP_LEVEL.vhf \
      PB ieee/std_logic_1164 1381692176 PB ieee/NUMERIC_STD 1381692181 LB UNISIM \
      PH unisim/VCOMPONENTS 1381692182
AR work/M2_1_MXILINX_TOP_LEVEL/BEHAVIORAL 1508175302 \
      FL /home/rrivera/g-2/fromWindows/KickerControllerFirmware-master/GEL_CAPTAN/TOP_LEVEL.vhf \
      EN work/M2_1_MXILINX_TOP_LEVEL 1508175301 CP AND2B1 CP OR2 CP AND2
EN work/D4_16E_MXILINX_TOP_LEVEL 1508175303 \
      FL /home/rrivera/g-2/fromWindows/KickerControllerFirmware-master/GEL_CAPTAN/TOP_LEVEL.vhf \
      PB ieee/std_logic_1164 1381692176 PB ieee/NUMERIC_STD 1381692181 LB UNISIM \
      PH unisim/VCOMPONENTS 1381692182
AR work/D4_16E_MXILINX_TOP_LEVEL/BEHAVIORAL 1508175304 \
      FL /home/rrivera/g-2/fromWindows/KickerControllerFirmware-master/GEL_CAPTAN/TOP_LEVEL.vhf \
      EN work/D4_16E_MXILINX_TOP_LEVEL 1508175303 CP AND5B3 CP AND5B2 CP AND5B1 \
      CP AND5 CP AND5B4
EN work/TOP_LEVEL 1508175305 \
      FL /home/rrivera/g-2/fromWindows/KickerControllerFirmware-master/GEL_CAPTAN/TOP_LEVEL.vhf \
      PB ieee/std_logic_1164 1381692176 PB ieee/NUMERIC_STD 1381692181 LB UNISIM \
      PH unisim/VCOMPONENTS 1381692182
AR work/TOP_LEVEL/BEHAVIORAL 1508175306 \
      FL /home/rrivera/g-2/fromWindows/KickerControllerFirmware-master/GEL_CAPTAN/TOP_LEVEL.vhf \
      EN work/TOP_LEVEL 1508175305 CP IDDR CP IDELAY CP IDELAYCTRL CP AND2 \
      CP DCM_BASE CP BUFG CP D4_16E_MXILINX_TOP_LEVEL CP IBUFG CP OBUF CP IBUF \
      CP VERSION_BLK CP AND2B1 CP MUX64_8 CP IBUFGDS CP FDRE CP XOR2 \
      CP M2_1_MXILINX_TOP_LEVEL CP FD16RE_MXILINX_TOP_LEVEL CP IBUFDS \
      CP buffer_10bit CP BUF CP trigger_recv_blk CP GND CP ethernet_interface CP INV \
      CP FD8RE_MXILINX_TOP_LEVEL CP data_send CP ClockLatchSignals CP ADC_FIFO \
      CP VCC CP PeakFinder CP EthernetRAM CP FDCE CP event_analysis \
      CP OBUF8_MXILINX_TOP_LEVEL CP ext_ip_addr_map CP FD
FL /home/rrivera/g-2/fromWindows/KickerControllerFirmware-master/GEL_CAPTAN/trigger_recv_blk.vhd 2017/10/08.10:24:50 P.20131013
EN work/trigger_recv_blk 1508175277 \
      FL /home/rrivera/g-2/fromWindows/KickerControllerFirmware-master/GEL_CAPTAN/trigger_recv_blk.vhd \
      PB ieee/std_logic_1164 1381692176 PB ieee/std_logic_arith 1381692177 \
      PB ieee/STD_LOGIC_UNSIGNED 1381692179
AR work/trigger_recv_blk/Behavioral 1508175278 \
      FL /home/rrivera/g-2/fromWindows/KickerControllerFirmware-master/GEL_CAPTAN/trigger_recv_blk.vhd \
      EN work/trigger_recv_blk 1508175277
FL /home/rrivera/g-2/fromWindows/KickerControllerFirmware-master/GEL_CAPTAN/VERSION_BLK.vhd 2017/10/08.10:24:44 P.20131013
EN work/VERSION_BLK 1508175271 \
      FL /home/rrivera/g-2/fromWindows/KickerControllerFirmware-master/GEL_CAPTAN/VERSION_BLK.vhd \
      PB ieee/std_logic_1164 1381692176 PB ieee/std_logic_arith 1381692177 \
      PB ieee/STD_LOGIC_UNSIGNED 1381692179
AR work/VERSION_BLK/Behavioral 1508175272 \
      FL /home/rrivera/g-2/fromWindows/KickerControllerFirmware-master/GEL_CAPTAN/VERSION_BLK.vhd \
      EN work/VERSION_BLK 1508175271
FL /home/rrivera/g-2/fromWindows/KickerControllerFirmware-master/ipcore_dir/ADDR_FIFO.vhd 2017/10/08.10:25:18 P.20131013
EN work/ADDR_FIFO 1508175247 \
      FL /home/rrivera/g-2/fromWindows/KickerControllerFirmware-master/ipcore_dir/ADDR_FIFO.vhd \
      PB ieee/std_logic_1164 1381692176
AR work/ADDR_FIFO/ADDR_FIFO_a 1508175248 \
      FL /home/rrivera/g-2/fromWindows/KickerControllerFirmware-master/ipcore_dir/ADDR_FIFO.vhd \
      EN work/ADDR_FIFO 1508175247
FL /home/rrivera/g-2/fromWindows/KickerControllerFirmware-master/ipcore_dir/DATA_FIFO_0.vhd 2017/10/08.10:25:18 P.20131013
EN work/DATA_FIFO_0 1508175243 \
      FL /home/rrivera/g-2/fromWindows/KickerControllerFirmware-master/ipcore_dir/DATA_FIFO_0.vhd \
      PB ieee/std_logic_1164 1381692176
AR work/DATA_FIFO_0/DATA_FIFO_0_a 1508175244 \
      FL /home/rrivera/g-2/fromWindows/KickerControllerFirmware-master/ipcore_dir/DATA_FIFO_0.vhd \
      EN work/DATA_FIFO_0 1508175243
FL /home/rrivera/g-2/fromWindows/KickerControllerFirmware-master/ipcore_dir/INFO_FIFO_0.vhd 2017/10/08.10:25:18 P.20131013
EN work/INFO_FIFO_0 1508175245 \
      FL /home/rrivera/g-2/fromWindows/KickerControllerFirmware-master/ipcore_dir/INFO_FIFO_0.vhd \
      PB ieee/std_logic_1164 1381692176
AR work/INFO_FIFO_0/INFO_FIFO_0_a 1508175246 \
      FL /home/rrivera/g-2/fromWindows/KickerControllerFirmware-master/ipcore_dir/INFO_FIFO_0.vhd \
      EN work/INFO_FIFO_0 1508175245
FL /home/rrivera/g-2/fromWindows/KickerControllerFirmware-master/oei/address_container.vhd 2017/10/08.10:25:26 P.20131013
EN work/address_container 1508175219 \
      FL /home/rrivera/g-2/fromWindows/KickerControllerFirmware-master/oei/address_container.vhd \
      PB ieee/std_logic_1164 1381692176 PB ieee/NUMERIC_STD 1381692181 \
      PB work/params_package 1508175218
AR work/address_container/arch 1508175220 \
      FL /home/rrivera/g-2/fromWindows/KickerControllerFirmware-master/oei/address_container.vhd \
      EN work/address_container 1508175219
FL /home/rrivera/g-2/fromWindows/KickerControllerFirmware-master/oei/arp_reply.vhd 2017/10/08.10:25:26 P.20131013
EN work/arp_reply 1508175221 \
      FL /home/rrivera/g-2/fromWindows/KickerControllerFirmware-master/oei/arp_reply.vhd \
      PB ieee/std_logic_1164 1381692176 PB ieee/std_logic_arith 1381692177 \
      PB ieee/STD_LOGIC_UNSIGNED 1381692179
AR work/arp_reply/arp_reply_arch 1508175222 \
      FL /home/rrivera/g-2/fromWindows/KickerControllerFirmware-master/oei/arp_reply.vhd \
      EN work/arp_reply 1508175221
FL /home/rrivera/g-2/fromWindows/KickerControllerFirmware-master/oei/burst_controller_sm.vhd 2017/10/08.10:25:26 P.20131013
EN work/burst_controller_sm 1508175249 \
      FL /home/rrivera/g-2/fromWindows/KickerControllerFirmware-master/oei/burst_controller_sm.vhd \
      PB ieee/std_logic_1164 1381692176 PB ieee/std_logic_arith 1381692177 \
      PB ieee/STD_LOGIC_UNSIGNED 1381692179
AR work/burst_controller_sm/burst_controller_sm_arch 1508175250 \
      FL /home/rrivera/g-2/fromWindows/KickerControllerFirmware-master/oei/burst_controller_sm.vhd \
      EN work/burst_controller_sm 1508175249
FL /home/rrivera/g-2/fromWindows/KickerControllerFirmware-master/oei/burst_traffic_controller.vhd 2017/10/08.10:25:26 P.20131013
EN work/burst_traffic_controller 1508175267 \
      FL /home/rrivera/g-2/fromWindows/KickerControllerFirmware-master/oei/burst_traffic_controller.vhd \
      PB ieee/std_logic_1164 1381692176 PB ieee/std_logic_arith 1381692177 \
      PB ieee/STD_LOGIC_UNSIGNED 1381692179 PB work/params_package 1508175218
AR work/burst_traffic_controller/burst_traffic_controller_arch 1508175268 \
      FL /home/rrivera/g-2/fromWindows/KickerControllerFirmware-master/oei/burst_traffic_controller.vhd \
      EN work/burst_traffic_controller 1508175267
FL /home/rrivera/g-2/fromWindows/KickerControllerFirmware-master/oei/crc_splice.vhd 2017/10/08.10:25:26 P.20131013
EN work/crc_splice 1508175261 \
      FL /home/rrivera/g-2/fromWindows/KickerControllerFirmware-master/oei/crc_splice.vhd \
      PB ieee/std_logic_1164 1381692176 PB ieee/std_logic_arith 1381692177 \
      PB ieee/STD_LOGIC_UNSIGNED 1381692179
AR work/crc_splice/arch 1508175262 \
      FL /home/rrivera/g-2/fromWindows/KickerControllerFirmware-master/oei/crc_splice.vhd \
      EN work/crc_splice 1508175261
FL /home/rrivera/g-2/fromWindows/KickerControllerFirmware-master/oei/create_packet.vhd 2017/10/08.10:25:26 P.20131013
EN work/create_packet 1508175227 \
      FL /home/rrivera/g-2/fromWindows/KickerControllerFirmware-master/oei/create_packet.vhd \
      PB ieee/std_logic_1164 1381692176 PB ieee/std_logic_arith 1381692177 \
      PB ieee/STD_LOGIC_UNSIGNED 1381692179 PB work/params_package 1508175218
AR work/create_packet/create_packet_arch 1508175228 \
      FL /home/rrivera/g-2/fromWindows/KickerControllerFirmware-master/oei/create_packet.vhd \
      EN work/create_packet 1508175227
FL /home/rrivera/g-2/fromWindows/KickerControllerFirmware-master/oei/dataout_mux.vhd 2017/10/08.10:25:26 P.20131013
EN work/dataout_mux 1508175229 \
      FL /home/rrivera/g-2/fromWindows/KickerControllerFirmware-master/oei/dataout_mux.vhd \
      PB ieee/std_logic_1164 1381692176 PB ieee/std_logic_arith 1381692177 \
      PB ieee/STD_LOGIC_UNSIGNED 1381692179
AR work/dataout_mux/dataout_mux_arch 1508175230 \
      FL /home/rrivera/g-2/fromWindows/KickerControllerFirmware-master/oei/dataout_mux.vhd \
      EN work/dataout_mux 1508175229
FL /home/rrivera/g-2/fromWindows/KickerControllerFirmware-master/oei/data_manager.vhd 2017/10/08.10:25:26 P.20131013
EN work/data_manager 1508175265 \
      FL /home/rrivera/g-2/fromWindows/KickerControllerFirmware-master/oei/data_manager.vhd \
      PB ieee/std_logic_1164 1381692176 PB ieee/NUMERIC_STD 1381692181
AR work/data_manager/BEHAVIORAL 1508175266 \
      FL /home/rrivera/g-2/fromWindows/KickerControllerFirmware-master/oei/data_manager.vhd \
      EN work/data_manager 1508175265 CP DATA_FIFO_0 CP INFO_FIFO_0 CP ADDR_FIFO \
      CP work/burst_controller_sm CP work/rx_ctl CP work/ram_comm_dec \
      CP work/tx_seq_ctl
FL /home/rrivera/g-2/fromWindows/KickerControllerFirmware-master/oei/decipherer.vhd 2017/10/08.10:25:26 P.20131013
EN work/decipherer 1508175231 \
      FL /home/rrivera/g-2/fromWindows/KickerControllerFirmware-master/oei/decipherer.vhd \
      PB ieee/std_logic_1164 1381692176 PB ieee/std_logic_arith 1381692177 \
      PB ieee/STD_LOGIC_UNSIGNED 1381692179
AR work/decipherer/decipherer_arch 1508175232 \
      FL /home/rrivera/g-2/fromWindows/KickerControllerFirmware-master/oei/decipherer.vhd \
      EN work/decipherer 1508175231
FL /home/rrivera/g-2/fromWindows/KickerControllerFirmware-master/oei/ethernet_controller.vhd 2017/10/08.10:25:26 P.20131013
EN work/ethernet_controller 1508175257 \
      FL /home/rrivera/g-2/fromWindows/KickerControllerFirmware-master/oei/ethernet_controller.vhd \
      PB ieee/std_logic_1164 1381692176
AR work/ethernet_controller/arch 1508175258 \
      FL /home/rrivera/g-2/fromWindows/KickerControllerFirmware-master/oei/ethernet_controller.vhd \
      EN work/ethernet_controller 1508175257 CP address_container CP arp_reply \
      CP or33 CP ip_checksum_calc CP create_packet CP dataout_mux CP decipherer \
      CP filter_data_out CP icmp_ping_checksum_calc CP icmp_ping_shift_reg \
      CP udp_data_splicer CP user_addrs_mux
FL /home/rrivera/g-2/fromWindows/KickerControllerFirmware-master/oei/ethernet_controller_wrapper.vhd 2017/10/08.10:25:26 P.20131013
EN work/ethernet_controller_wrapper 1508175263 \
      FL /home/rrivera/g-2/fromWindows/KickerControllerFirmware-master/oei/ethernet_controller_wrapper.vhd \
      PB ieee/std_logic_1164 1381692176 PB ieee/NUMERIC_STD 1381692181
AR work/ethernet_controller_wrapper/arch 1508175264 \
      FL /home/rrivera/g-2/fromWindows/KickerControllerFirmware-master/oei/ethernet_controller_wrapper.vhd \
      EN work/ethernet_controller_wrapper 1508175263 CP work/ethernet_controller \
      CP work/MII_100_1000_handler CP crc_chk CP crc_gen CP std_logic CP unsigned \
      CP work/crc_splice
FL /home/rrivera/g-2/fromWindows/KickerControllerFirmware-master/oei/ethernet_interface.vhd 2017/10/08.10:25:26 P.20131013
EN work/ethernet_interface 1508175279 \
      FL /home/rrivera/g-2/fromWindows/KickerControllerFirmware-master/oei/ethernet_interface.vhd \
      PB ieee/std_logic_1164 1381692176 PB ieee/NUMERIC_STD 1381692181 \
      PB work/params_package 1508175218
AR work/ethernet_interface/BEHAVIORAL 1508175280 \
      FL /home/rrivera/g-2/fromWindows/KickerControllerFirmware-master/oei/ethernet_interface.vhd \
      EN work/ethernet_interface 1508175279 CP work/ethernet_controller_wrapper \
      CP work/data_manager CP work/burst_traffic_controller CP work/reset_mgr
FL /home/rrivera/g-2/fromWindows/KickerControllerFirmware-master/oei/filter_data_out.vhd 2017/10/08.10:25:26 P.20131013
EN work/filter_data_out 1508175233 \
      FL /home/rrivera/g-2/fromWindows/KickerControllerFirmware-master/oei/filter_data_out.vhd \
      PB ieee/std_logic_1164 1381692176 PB ieee/std_logic_arith 1381692177 \
      PB ieee/STD_LOGIC_UNSIGNED 1381692179
AR work/filter_data_out/filter_data_out_arch 1508175234 \
      FL /home/rrivera/g-2/fromWindows/KickerControllerFirmware-master/oei/filter_data_out.vhd \
      EN work/filter_data_out 1508175233
FL /home/rrivera/g-2/fromWindows/KickerControllerFirmware-master/oei/icmp_ping_checksum_calc.vhd 2017/10/08.10:25:26 P.20131013
EN work/icmp_ping_checksum_calc 1508175235 \
      FL /home/rrivera/g-2/fromWindows/KickerControllerFirmware-master/oei/icmp_ping_checksum_calc.vhd \
      PB ieee/std_logic_1164 1381692176 PB ieee/NUMERIC_STD 1381692181
AR work/icmp_ping_checksum_calc/icmp_ping_checksum_calc_arch 1508175236 \
      FL /home/rrivera/g-2/fromWindows/KickerControllerFirmware-master/oei/icmp_ping_checksum_calc.vhd \
      EN work/icmp_ping_checksum_calc 1508175235
FL /home/rrivera/g-2/fromWindows/KickerControllerFirmware-master/oei/icmp_ping_shift_reg.vhd 2017/10/08.10:25:26 P.20131013
EN work/icmp_ping_shift_reg 1508175237 \
      FL /home/rrivera/g-2/fromWindows/KickerControllerFirmware-master/oei/icmp_ping_shift_reg.vhd \
      PB ieee/std_logic_1164 1381692176
AR work/icmp_ping_shift_reg/arch 1508175238 \
      FL /home/rrivera/g-2/fromWindows/KickerControllerFirmware-master/oei/icmp_ping_shift_reg.vhd \
      EN work/icmp_ping_shift_reg 1508175237
FL /home/rrivera/g-2/fromWindows/KickerControllerFirmware-master/oei/ip_checksum_calc.vhd 2017/10/08.10:25:26 P.20131013
EN work/ip_checksum_calc 1508175225 \
      FL /home/rrivera/g-2/fromWindows/KickerControllerFirmware-master/oei/ip_checksum_calc.vhd \
      PB ieee/std_logic_1164 1381692176 PB ieee/NUMERIC_STD 1381692181 \
      PB work/params_package 1508175218
AR work/ip_checksum_calc/arch 1508175226 \
      FL /home/rrivera/g-2/fromWindows/KickerControllerFirmware-master/oei/ip_checksum_calc.vhd \
      EN work/ip_checksum_calc 1508175225
FL /home/rrivera/g-2/fromWindows/KickerControllerFirmware-master/oei/or33.vhd 2017/10/08.10:25:26 P.20131013
EN work/or33 1508175223 \
      FL /home/rrivera/g-2/fromWindows/KickerControllerFirmware-master/oei/or33.vhd \
      PB ieee/std_logic_1164 1381692176 PB ieee/std_logic_arith 1381692177 \
      PB ieee/STD_LOGIC_UNSIGNED 1381692179
AR work/or33/or33_arch 1508175224 \
      FL /home/rrivera/g-2/fromWindows/KickerControllerFirmware-master/oei/or33.vhd \
      EN work/or33 1508175223
FL /home/rrivera/g-2/fromWindows/KickerControllerFirmware-master/oei/params_package.vhd 2017/10/08.10:25:26 P.20131013
PH work/params_package 1508175217 \
      FL /home/rrivera/g-2/fromWindows/KickerControllerFirmware-master/oei/params_package.vhd \
      PB ieee/std_logic_1164 1381692176 PB ieee/NUMERIC_STD 1381692181
PB work/params_package 1508175218 \
      FL /home/rrivera/g-2/fromWindows/KickerControllerFirmware-master/oei/params_package.vhd \
      PH work/params_package 1508175217
FL /home/rrivera/g-2/fromWindows/KickerControllerFirmware-master/oei/ram_comm_dec.vhd 2017/10/08.10:25:26 P.20131013
EN work/ram_comm_dec 1508175253 \
      FL /home/rrivera/g-2/fromWindows/KickerControllerFirmware-master/oei/ram_comm_dec.vhd \
      PB ieee/std_logic_1164 1381692176 PB ieee/NUMERIC_STD 1381692181 \
      PB work/params_package 1508175218
AR work/ram_comm_dec/arch 1508175254 \
      FL /home/rrivera/g-2/fromWindows/KickerControllerFirmware-master/oei/ram_comm_dec.vhd \
      EN work/ram_comm_dec 1508175253 CP unsigned CP std_logic CP ram_addr
FL /home/rrivera/g-2/fromWindows/KickerControllerFirmware-master/oei/reset_mgr.vhd 2017/10/08.10:25:26 P.20131013
EN work/reset_mgr 1508175269 \
      FL /home/rrivera/g-2/fromWindows/KickerControllerFirmware-master/oei/reset_mgr.vhd \
      PB ieee/std_logic_1164 1381692176 PB ieee/NUMERIC_STD 1381692181 \
      PB ieee/std_logic_misc 1381692178
AR work/reset_mgr/Behavioral 1508175270 \
      FL /home/rrivera/g-2/fromWindows/KickerControllerFirmware-master/oei/reset_mgr.vhd \
      EN work/reset_mgr 1508175269
FL /home/rrivera/g-2/fromWindows/KickerControllerFirmware-master/oei/rx_ctl.vhd 2017/10/08.10:25:26 P.20131013
EN work/rx_ctl 1508175251 \
      FL /home/rrivera/g-2/fromWindows/KickerControllerFirmware-master/oei/rx_ctl.vhd \
      PB ieee/std_logic_1164 1381692176 PB ieee/NUMERIC_STD 1381692181 \
      PB work/params_package 1508175218
AR work/rx_ctl/arch 1508175252 \
      FL /home/rrivera/g-2/fromWindows/KickerControllerFirmware-master/oei/rx_ctl.vhd \
      EN work/rx_ctl 1508175251
FL /home/rrivera/g-2/fromWindows/KickerControllerFirmware-master/oei/tx_seq_ctl.vhd 2017/10/08.10:25:26 P.20131013
EN work/tx_seq_ctl 1508175255 \
      FL /home/rrivera/g-2/fromWindows/KickerControllerFirmware-master/oei/tx_seq_ctl.vhd \
      PB ieee/std_logic_1164 1381692176 PB ieee/NUMERIC_STD 1381692181 \
      PB work/params_package 1508175218
AR work/tx_seq_ctl/arch 1508175256 \
      FL /home/rrivera/g-2/fromWindows/KickerControllerFirmware-master/oei/tx_seq_ctl.vhd \
      EN work/tx_seq_ctl 1508175255
FL /home/rrivera/g-2/fromWindows/KickerControllerFirmware-master/oei/udp_data_splicer.vhd 2017/10/08.10:25:26 P.20131013
EN work/udp_data_splicer 1508175239 \
      FL /home/rrivera/g-2/fromWindows/KickerControllerFirmware-master/oei/udp_data_splicer.vhd \
      PB ieee/std_logic_1164 1381692176 PB ieee/std_logic_arith 1381692177 \
      PB ieee/STD_LOGIC_UNSIGNED 1381692179
AR work/udp_data_splicer/udp_data_splicer_arch 1508175240 \
      FL /home/rrivera/g-2/fromWindows/KickerControllerFirmware-master/oei/udp_data_splicer.vhd \
      EN work/udp_data_splicer 1508175239
FL /home/rrivera/g-2/fromWindows/KickerControllerFirmware-master/oei/user_addrs_mux.vhd 2017/10/08.10:25:26 P.20131013
EN work/user_addrs_mux 1508175241 \
      FL /home/rrivera/g-2/fromWindows/KickerControllerFirmware-master/oei/user_addrs_mux.vhd \
      PB ieee/std_logic_1164 1381692176 PB ieee/std_logic_arith 1381692177 \
      PB ieee/STD_LOGIC_UNSIGNED 1381692179
AR work/user_addrs_mux/user_addrs_mux_arch 1508175242 \
      FL /home/rrivera/g-2/fromWindows/KickerControllerFirmware-master/oei/user_addrs_mux.vhd \
      EN work/user_addrs_mux 1508175241
FL /home/rrivera/g-2/fromWindows/KickerControllerFirmware-master/oei/xmii_handler.vhd 2017/10/08.10:25:26 P.20131013
EN work/MII_100_1000_handler 1508175259 \
      FL /home/rrivera/g-2/fromWindows/KickerControllerFirmware-master/oei/xmii_handler.vhd \
      PB ieee/std_logic_1164 1381692176 PB ieee/NUMERIC_STD 1381692181
AR work/MII_100_1000_handler/arch 1508175260 \
      FL /home/rrivera/g-2/fromWindows/KickerControllerFirmware-master/oei/xmii_handler.vhd \
      EN work/MII_100_1000_handler 1508175259
