Release 14.7 Map P.20131013 (lin64)
Xilinx Map Application Log File for Design 'TOP_LEVEL'

Design Information
------------------
Command Line   : map -intstyle ise -p xc4vlx25-ff668-10 -timing -logic_opt on
-ol std -t 1 -register_duplication off -global_opt off -ir off -pr off -u -power
off -o TOP_LEVEL_map.ncd TOP_LEVEL.ngd TOP_LEVEL.pcf 
Target Device  : xc4vlx25
Target Package : ff668
Target Speed   : -10
Mapper Version : virtex4 -- $Revision: 1.55 $
Mapped Date    : Tue Oct 17 19:32:36 2017

Mapping design into LUTs...
WARNING:MapLib:328 - Block XLXI_6136 is not a recognized logical block. The
   mapper will continue to process the design but there may be design problems
   if this block does not get trimmed.
WARNING:MapLib:328 - Block XLXI_6227/ec_wrapper/xgmii is not a recognized
   logical block. The mapper will continue to process the design but there may
   be design problems if this block does not get trimmed.
WARNING:MapLib:701 - Signal U10_2 connected to top level port U10_2 has been
   removed.
WARNING:LIT:176 - Clock buffer is designated to drive clock loads. BUFG symbol
   "XLXI_5952" (output signal=CLK_187_5) has a mix of clock and non-clock loads.
   The non-clock loads are:
   Pin I1 of XLXI_6004/I_36_8
WARNING:LIT:178 - Clock buffer BUFG symbol "XLXI_5993" (output signal=CLK_375)
   does not drive clock loads. Driving only non-clock loads with a clock buffer
   will cause ALL of the dedicated clock routing resources for this buffer to be
   wasted. The non-clock loads are:
   Pin I2 of XLXI_6004/I_36_8
Running directed packing...
Running delay-based LUT packing...
Updating timing models...
WARNING:Timing:3175 - BUSBHS_03DP_06S does not clock data to BUSBHS_03DN_07S
WARNING:Timing:3225 - Timing constraint COMP "BUSBHS_03DN_07S" OFFSET = OUT 0 ns
   AFTER COMP "BUSBHS_03DP_06S" ignored during timing analysis
Running timing-driven placement...
Total REAL time at the beginning of Placer: 14 secs 
Total CPU  time at the beginning of Placer: 14 secs 

Phase 1.1  Initial Placement Analysis
Phase 1.1  Initial Placement Analysis (Checksum:572a6b26) REAL time: 15 secs 

Phase 2.7  Design Feasibility Check
INFO:Place:834 - Only a subset of IOs are locked. Out of 96 IOs, 88 are locked
   and 8 are not locked. If you would like to print the names of these IOs,
   please set the environment variable XIL_PAR_DESIGN_CHECK_VERBOSE to 1. 
Phase 2.7  Design Feasibility Check (Checksum:572a6b26) REAL time: 16 secs 

Phase 3.31  Local Placement Optimization
Phase 3.31  Local Placement Optimization (Checksum:26e41ba2) REAL time: 16 secs 

Phase 4.2  Initial Clock and IO Placement
......
Phase 4.2  Initial Clock and IO Placement (Checksum:ce894fab) REAL time: 16 secs 

Phase 5.36  Local Placement Optimization
Phase 5.36  Local Placement Optimization (Checksum:ce894fab) REAL time: 16 secs 

.......
...........................
.......................................................................
Phase 6.30  Global Clock Region Assignment


######################################################################################
# GLOBAL CLOCK NET DISTRIBUTION UCF REPORT:
#
# Number of Global Clock Regions : 12
# Number of Global Clock Networks: 12
#
# Clock Region Assignment: SUCCESSFUL

# Location of Clock Components
INST "U_icon_pro/U0/U_ICON/I_YES_BSCAN.U_BS/I_USE_SOFTBSCAN_EQ0.I_USE_XST_TCK_WORKAROUND_EQ1.U_ICON_BSCAN_BUFG/U_BUFG" LOC = "BUFGCTRL_X0Y26" ;
INST "XLXI_3411" LOC = "BUFGCTRL_X0Y2" ;
INST "XLXI_6200" LOC = "BUFGCTRL_X0Y5" ;
INST "XLXI_6040" LOC = "BUFGCTRL_X0Y27" ;
INST "XLXI_6009" LOC = "BUFGCTRL_X0Y28" ;
INST "XLXI_4529" LOC = "BUFGCTRL_X0Y1" ;
INST "XLXI_5950" LOC = "BUFGCTRL_X0Y3" ;
INST "XLXI_5952" LOC = "BUFGCTRL_X0Y4" ;
INST "XLXI_5954" LOC = "BUFGCTRL_X0Y30" ;
INST "XLXI_5964" LOC = "BUFGCTRL_X0Y29" ;
INST "XLXI_5993" LOC = "BUFGCTRL_X0Y31" ;
INST "MASTER_CLK_BUFG" LOC = "BUFGCTRL_X0Y0" ;
INST "XIL_ML_UNUSED_DCM_1" LOC = "DCM_ADV_X0Y4" ;
INST "XIL_ML_UNUSED_DCM_2" LOC = "DCM_ADV_X0Y3" ;
INST "XIL_ML_UNUSED_DCM_3" LOC = "DCM_ADV_X0Y5" ;
INST "XLXI_3410" LOC = "DCM_ADV_X0Y0" ;
INST "XLXI_6199" LOC = "DCM_ADV_X0Y2" ;
INST "XLXI_5953" LOC = "DCM_ADV_X0Y7" ;
INST "XLXI_5963" LOC = "DCM_ADV_X0Y6" ;
INST "XLXI_5949" LOC = "DCM_ADV_X0Y1" ;
INST "GEL_RXCLK" LOC = "AD12" ;
INST "BUSBHS_02DP_04S" LOC = "AE14" ;

# icon_control0<0> driven by BUFGCTRL_X0Y26
NET "icon_control0<0>" TNM_NET = "TN_icon_control0<0>" ;
TIMEGRP "TN_icon_control0<0>" AREA_GROUP = "CLKAG_icon_control0<0>" ;
AREA_GROUP "CLKAG_icon_control0<0>" RANGE =   CLOCKREGION_X0Y0, CLOCKREGION_X1Y0, CLOCKREGION_X0Y1, CLOCKREGION_X1Y1, CLOCKREGION_X0Y2, CLOCKREGION_X1Y2, CLOCKREGION_X0Y3, CLOCKREGION_X1Y3, CLOCKREGION_X0Y4, CLOCKREGION_X1Y4, CLOCKREGION_X0Y5, CLOCKREGION_X1Y5 ;

# XLXN_12229 driven by BUFGCTRL_X0Y2
NET "XLXN_12229" TNM_NET = "TN_XLXN_12229" ;
TIMEGRP "TN_XLXN_12229" AREA_GROUP = "CLKAG_XLXN_12229" ;
AREA_GROUP "CLKAG_XLXN_12229" RANGE =   CLOCKREGION_X0Y0, CLOCKREGION_X1Y0, CLOCKREGION_X0Y1, CLOCKREGION_X1Y1, CLOCKREGION_X0Y2, CLOCKREGION_X1Y2, CLOCKREGION_X0Y3, CLOCKREGION_X1Y3, CLOCKREGION_X0Y4, CLOCKREGION_X1Y4, CLOCKREGION_X0Y5, CLOCKREGION_X1Y5 ;

# FADC_DCLK driven by BUFGCTRL_X0Y5
NET "FADC_DCLK" TNM_NET = "TN_FADC_DCLK" ;
TIMEGRP "TN_FADC_DCLK" AREA_GROUP = "CLKAG_FADC_DCLK" ;
AREA_GROUP "CLKAG_FADC_DCLK" RANGE =   CLOCKREGION_X0Y0, CLOCKREGION_X1Y0, CLOCKREGION_X0Y1, CLOCKREGION_X1Y1, CLOCKREGION_X0Y2, CLOCKREGION_X1Y2, CLOCKREGION_X0Y3, CLOCKREGION_X1Y3, CLOCKREGION_X0Y4, CLOCKREGION_X1Y4, CLOCKREGION_X0Y5, CLOCKREGION_X1Y5 ;

# XLXN_15130 driven by BUFGCTRL_X0Y27
NET "XLXN_15130" TNM_NET = "TN_XLXN_15130" ;
TIMEGRP "TN_XLXN_15130" AREA_GROUP = "CLKAG_XLXN_15130" ;
AREA_GROUP "CLKAG_XLXN_15130" RANGE =   CLOCKREGION_X0Y1, CLOCKREGION_X1Y1, CLOCKREGION_X0Y2, CLOCKREGION_X1Y2 ;

# CLK_MUX driven by BUFGCTRL_X0Y28
NET "CLK_MUX" TNM_NET = "TN_CLK_MUX" ;
TIMEGRP "TN_CLK_MUX" AREA_GROUP = "CLKAG_CLK_MUX" ;
AREA_GROUP "CLKAG_CLK_MUX" RANGE =   CLOCKREGION_X0Y0, CLOCKREGION_X1Y0, CLOCKREGION_X0Y1, CLOCKREGION_X1Y1, CLOCKREGION_X0Y2, CLOCKREGION_X1Y2, CLOCKREGION_X0Y3, CLOCKREGION_X1Y3, CLOCKREGION_X0Y4, CLOCKREGION_X1Y4, CLOCKREGION_X0Y5, CLOCKREGION_X1Y5 ;

# XLXN_15064 driven by BUFGCTRL_X0Y1
NET "XLXN_15064" TNM_NET = "TN_XLXN_15064" ;
TIMEGRP "TN_XLXN_15064" AREA_GROUP = "CLKAG_XLXN_15064" ;
AREA_GROUP "CLKAG_XLXN_15064" RANGE =   CLOCKREGION_X0Y0, CLOCKREGION_X1Y0, CLOCKREGION_X0Y1, CLOCKREGION_X1Y1, CLOCKREGION_X0Y2, CLOCKREGION_X1Y2 ;

# XLXN_12661 driven by BUFGCTRL_X0Y3
NET "XLXN_12661" TNM_NET = "TN_XLXN_12661" ;
TIMEGRP "TN_XLXN_12661" AREA_GROUP = "CLKAG_XLXN_12661" ;
AREA_GROUP "CLKAG_XLXN_12661" RANGE =   CLOCKREGION_X0Y0, CLOCKREGION_X1Y0 ;

# CLK_187_5 driven by BUFGCTRL_X0Y4
NET "CLK_187_5" TNM_NET = "TN_CLK_187_5" ;
TIMEGRP "TN_CLK_187_5" AREA_GROUP = "CLKAG_CLK_187_5" ;
AREA_GROUP "CLKAG_CLK_187_5" RANGE =   CLOCKREGION_X0Y3, CLOCKREGION_X1Y3, CLOCKREGION_X0Y4, CLOCKREGION_X1Y4, CLOCKREGION_X0Y5, CLOCKREGION_X1Y5 ;

# XLXN_12672 driven by BUFGCTRL_X0Y30
NET "XLXN_12672" TNM_NET = "TN_XLXN_12672" ;
TIMEGRP "TN_XLXN_12672" AREA_GROUP = "CLKAG_XLXN_12672" ;
AREA_GROUP "CLKAG_XLXN_12672" RANGE =   CLOCKREGION_X0Y5, CLOCKREGION_X1Y5 ;

# XLXN_12923 driven by BUFGCTRL_X0Y29
NET "XLXN_12923" TNM_NET = "TN_XLXN_12923" ;
TIMEGRP "TN_XLXN_12923" AREA_GROUP = "CLKAG_XLXN_12923" ;
AREA_GROUP "CLKAG_XLXN_12923" RANGE =   CLOCKREGION_X0Y0, CLOCKREGION_X1Y0, CLOCKREGION_X0Y1, CLOCKREGION_X1Y1, CLOCKREGION_X0Y2, CLOCKREGION_X1Y2, CLOCKREGION_X0Y3, CLOCKREGION_X1Y3, CLOCKREGION_X0Y4, CLOCKREGION_X1Y4, CLOCKREGION_X0Y5, CLOCKREGION_X1Y5 ;

# CLK_375 driven by BUFGCTRL_X0Y31
NET "CLK_375" TNM_NET = "TN_CLK_375" ;
TIMEGRP "TN_CLK_375" AREA_GROUP = "CLKAG_CLK_375" ;
AREA_GROUP "CLKAG_CLK_375" RANGE =   CLOCKREGION_X0Y3, CLOCKREGION_X1Y3, CLOCKREGION_X0Y4, CLOCKREGION_X1Y4 ;

# GTX_CLK_0_sig driven by BUFGCTRL_X0Y0
NET "GTX_CLK_0_sig" TNM_NET = "TN_GTX_CLK_0_sig" ;
TIMEGRP "TN_GTX_CLK_0_sig" AREA_GROUP = "CLKAG_GTX_CLK_0_sig" ;
AREA_GROUP "CLKAG_GTX_CLK_0_sig" RANGE =   CLOCKREGION_X0Y0, CLOCKREGION_X1Y0, CLOCKREGION_X0Y1, CLOCKREGION_X1Y1, CLOCKREGION_X0Y2, CLOCKREGION_X1Y2, CLOCKREGION_X0Y3, CLOCKREGION_X1Y3, CLOCKREGION_X0Y4, CLOCKREGION_X1Y4, CLOCKREGION_X0Y5, CLOCKREGION_X1Y5 ;

# NOTE: 
# This report is provided to help reproduce successful clock-region 
# assignments. The report provides range constraints for all global 
# clock networks, in a format that is directly usable in ucf files. 
#
#END of Global Clock Net Distribution UCF Constraints
######################################################################################


######################################################################################
GLOBAL CLOCK NET LOADS DISTRIBUTION REPORT:

Number of Global Clock Regions : 12
Number of Global Clock Networks: 12

Clock Region Assignment: SUCCESSFUL

Clock-Region: <CLOCKREGION_X0Y0> 
 key resource utilizations (used/available): global-clocks - 3/8 ;
--------+--------+--------+--------+--------+--------+--------+--------+--------+--------+--------+--------+--------+----------------------------------------
   BRAM |    DCM |   PMCD |     GT | ILOGIC | OLOGIC |   MULT |   EMAC |    PPC |   PCIE | IDLYCT | LUTRAM |     FF | <- (Types of Resources in this  Region)
   FIFO |        |        |        |        |        |        |        |        |        |        |        |        |
--------+--------+--------+--------+--------+--------+--------+--------+--------+--------+--------+--------+--------+----------------------------------------
      8 |      2 |      0 |      0 |     32 |     32 |      8 |      0 |      0 |      0 |      1 |    896 |   1792 | <- (Available Resources in this Region)
--------+--------+--------+--------+--------+--------+--------+--------+--------+--------+--------+--------+--------+----------------------------------------
        |        |        |        |        |        |        |        |        |        |        |        |        | <Global clock Net Name>
--------+--------+--------+--------+--------+--------+--------+--------+--------+--------+--------+--------+--------+----------------------------------------
      0 |      0 |      0 |      0 |      0 |      0 |      0 |      0 |      0 |      0 |      0 |    172 |    393 |GTX_CLK_0_sig
      0 |      1 |      0 |      0 |      0 |      0 |      0 |      0 |      0 |      0 |      0 |      0 |      0 |XLXN_12229
      0 |      1 |      0 |      0 |      0 |      0 |      0 |      0 |      0 |      0 |      0 |      0 |      0 |XLXN_12661
--------+--------+--------+--------+--------+--------+--------+--------+--------+--------+--------+--------+--------+----------------------------------------
      0 |      2 |      0 |      0 |      0 |      0 |      0 |      0 |      0 |      0 |      0 |    172 |    393 | Total 
--------+--------+--------+--------+--------+--------+--------+--------+--------+--------+--------+--------+--------+----------------------------------------


Clock-Region: <CLOCKREGION_X1Y0> 
 key resource utilizations (used/available): global-clocks - 2/8 ;
--------+--------+--------+--------+--------+--------+--------+--------+--------+--------+--------+--------+--------+----------------------------------------
   BRAM |    DCM |   PMCD |     GT | ILOGIC | OLOGIC |   MULT |   EMAC |    PPC |   PCIE | IDLYCT | LUTRAM |     FF | <- (Types of Resources in this  Region)
   FIFO |        |        |        |        |        |        |        |        |        |        |        |        |
--------+--------+--------+--------+--------+--------+--------+--------+--------+--------+--------+--------+--------+----------------------------------------
     16 |      0 |      0 |      0 |     32 |     32 |      0 |      0 |      0 |      0 |      1 |    896 |   1792 | <- (Available Resources in this Region)
--------+--------+--------+--------+--------+--------+--------+--------+--------+--------+--------+--------+--------+----------------------------------------
        |        |        |        |        |        |        |        |        |        |        |        |        | <Global clock Net Name>
--------+--------+--------+--------+--------+--------+--------+--------+--------+--------+--------+--------+--------+----------------------------------------
      0 |      0 |      0 |      0 |      6 |      0 |      0 |      0 |      0 |      0 |      0 |      0 |      0 |FADC_DCLK
      0 |      0 |      0 |      0 |      0 |      0 |      0 |      0 |      0 |      0 |      0 |    108 |    307 |GTX_CLK_0_sig
--------+--------+--------+--------+--------+--------+--------+--------+--------+--------+--------+--------+--------+----------------------------------------
      0 |      0 |      0 |      0 |      6 |      0 |      0 |      0 |      0 |      0 |      0 |    108 |    307 | Total 
--------+--------+--------+--------+--------+--------+--------+--------+--------+--------+--------+--------+--------+----------------------------------------


Clock-Region: <CLOCKREGION_X0Y1> 
 key resource utilizations (used/available): global-clocks - 4/8 ;
--------+--------+--------+--------+--------+--------+--------+--------+--------+--------+--------+--------+--------+----------------------------------------
   BRAM |    DCM |   PMCD |     GT | ILOGIC | OLOGIC |   MULT |   EMAC |    PPC |   PCIE | IDLYCT | LUTRAM |     FF | <- (Types of Resources in this  Region)
   FIFO |        |        |        |        |        |        |        |        |        |        |        |        |
--------+--------+--------+--------+--------+--------+--------+--------+--------+--------+--------+--------+--------+----------------------------------------
      8 |      1 |      2 |      0 |     48 |     48 |      8 |      0 |      0 |      0 |      2 |    896 |   1792 | <- (Available Resources in this Region)
--------+--------+--------+--------+--------+--------+--------+--------+--------+--------+--------+--------+--------+----------------------------------------
        |        |        |        |        |        |        |        |        |        |        |        |        | <Global clock Net Name>
--------+--------+--------+--------+--------+--------+--------+--------+--------+--------+--------+--------+--------+----------------------------------------
      0 |      1 |      0 |      0 |      0 |      0 |      0 |      0 |      0 |      0 |      0 |      0 |      0 |FADC_DCLK
      1 |      0 |      0 |      0 |      1 |      0 |      0 |      0 |      0 |      0 |      0 |     48 |    353 |GTX_CLK_0_sig
      0 |      0 |      0 |      0 |      0 |      0 |      0 |      0 |      0 |      0 |      1 |      0 |      0 |XLXN_15064
      0 |      1 |      0 |      0 |      0 |      0 |      0 |      0 |      0 |      0 |      0 |      0 |      0 |XLXN_15130
--------+--------+--------+--------+--------+--------+--------+--------+--------+--------+--------+--------+--------+----------------------------------------
      1 |      2 |      0 |      0 |      1 |      0 |      0 |      0 |      0 |      0 |      1 |     48 |    353 | Total 
--------+--------+--------+--------+--------+--------+--------+--------+--------+--------+--------+--------+--------+----------------------------------------


Clock-Region: <CLOCKREGION_X1Y1> 
 key resource utilizations (used/available): global-clocks - 2/8 ;
--------+--------+--------+--------+--------+--------+--------+--------+--------+--------+--------+--------+--------+----------------------------------------
   BRAM |    DCM |   PMCD |     GT | ILOGIC | OLOGIC |   MULT |   EMAC |    PPC |   PCIE | IDLYCT | LUTRAM |     FF | <- (Types of Resources in this  Region)
   FIFO |        |        |        |        |        |        |        |        |        |        |        |        |
--------+--------+--------+--------+--------+--------+--------+--------+--------+--------+--------+--------+--------+----------------------------------------
     16 |      0 |      0 |      0 |     32 |     32 |      0 |      0 |      0 |      0 |      1 |    896 |   1792 | <- (Available Resources in this Region)
--------+--------+--------+--------+--------+--------+--------+--------+--------+--------+--------+--------+--------+----------------------------------------
        |        |        |        |        |        |        |        |        |        |        |        |        | <Global clock Net Name>
--------+--------+--------+--------+--------+--------+--------+--------+--------+--------+--------+--------+--------+----------------------------------------
      0 |      0 |      0 |      0 |      2 |      0 |      0 |      0 |      0 |      0 |      0 |      0 |      0 |FADC_DCLK
      7 |      0 |      0 |      0 |      0 |      0 |      0 |      0 |      0 |      0 |      0 |     78 |    476 |GTX_CLK_0_sig
--------+--------+--------+--------+--------+--------+--------+--------+--------+--------+--------+--------+--------+----------------------------------------
      7 |      0 |      0 |      0 |      2 |      0 |      0 |      0 |      0 |      0 |      0 |     78 |    476 | Total 
--------+--------+--------+--------+--------+--------+--------+--------+--------+--------+--------+--------+--------+----------------------------------------


Clock-Region: <CLOCKREGION_X0Y2> 
 key resource utilizations (used/available): global-clocks - 2/8 ;
--------+--------+--------+--------+--------+--------+--------+--------+--------+--------+--------+--------+--------+----------------------------------------
   BRAM |    DCM |   PMCD |     GT | ILOGIC | OLOGIC |   MULT |   EMAC |    PPC |   PCIE | IDLYCT | LUTRAM |     FF | <- (Types of Resources in this  Region)
   FIFO |        |        |        |        |        |        |        |        |        |        |        |        |
--------+--------+--------+--------+--------+--------+--------+--------+--------+--------+--------+--------+--------+----------------------------------------
      8 |      0 |      0 |      0 |     48 |     48 |      8 |      0 |      0 |      0 |      2 |    896 |   1792 | <- (Available Resources in this Region)
--------+--------+--------+--------+--------+--------+--------+--------+--------+--------+--------+--------+--------+----------------------------------------
        |        |        |        |        |        |        |        |        |        |        |        |        | <Global clock Net Name>
--------+--------+--------+--------+--------+--------+--------+--------+--------+--------+--------+--------+--------+----------------------------------------
      2 |      0 |      0 |      0 |      0 |      0 |      0 |      0 |      0 |      0 |      0 |      0 |     21 |FADC_DCLK
      2 |      0 |      0 |      0 |      0 |      0 |      0 |      0 |      0 |      0 |      0 |      0 |    296 |GTX_CLK_0_sig
--------+--------+--------+--------+--------+--------+--------+--------+--------+--------+--------+--------+--------+----------------------------------------
      4 |      0 |      0 |      0 |      0 |      0 |      0 |      0 |      0 |      0 |      0 |      0 |    317 | Total 
--------+--------+--------+--------+--------+--------+--------+--------+--------+--------+--------+--------+--------+----------------------------------------


Clock-Region: <CLOCKREGION_X1Y2> 
 key resource utilizations (used/available): global-clocks - 3/8 ;
--------+--------+--------+--------+--------+--------+--------+--------+--------+--------+--------+--------+--------+----------------------------------------
   BRAM |    DCM |   PMCD |     GT | ILOGIC | OLOGIC |   MULT |   EMAC |    PPC |   PCIE | IDLYCT | LUTRAM |     FF | <- (Types of Resources in this  Region)
   FIFO |        |        |        |        |        |        |        |        |        |        |        |        |
--------+--------+--------+--------+--------+--------+--------+--------+--------+--------+--------+--------+--------+----------------------------------------
     16 |      0 |      0 |      0 |     32 |     32 |      0 |      0 |      0 |      0 |      1 |    896 |   1792 | <- (Available Resources in this Region)
--------+--------+--------+--------+--------+--------+--------+--------+--------+--------+--------+--------+--------+----------------------------------------
        |        |        |        |        |        |        |        |        |        |        |        |        | <Global clock Net Name>
--------+--------+--------+--------+--------+--------+--------+--------+--------+--------+--------+--------+--------+----------------------------------------
      0 |      0 |      0 |      0 |      7 |      0 |      0 |      0 |      0 |      0 |      0 |      0 |      0 |FADC_DCLK
      8 |      0 |      0 |      0 |      0 |      0 |      0 |      0 |      0 |      0 |      0 |     24 |    402 |GTX_CLK_0_sig
      3 |      0 |      0 |      0 |      0 |      0 |      0 |      0 |      0 |      0 |      0 |      0 |      0 |icon_control0<0>
--------+--------+--------+--------+--------+--------+--------+--------+--------+--------+--------+--------+--------+----------------------------------------
     11 |      0 |      0 |      0 |      7 |      0 |      0 |      0 |      0 |      0 |      0 |     24 |    402 | Total 
--------+--------+--------+--------+--------+--------+--------+--------+--------+--------+--------+--------+--------+----------------------------------------


Clock-Region: <CLOCKREGION_X0Y3> 
 key resource utilizations (used/available): global-clocks - 3/8 ;
--------+--------+--------+--------+--------+--------+--------+--------+--------+--------+--------+--------+--------+----------------------------------------
   BRAM |    DCM |   PMCD |     GT | ILOGIC | OLOGIC |   MULT |   EMAC |    PPC |   PCIE | IDLYCT | LUTRAM |     FF | <- (Types of Resources in this  Region)
   FIFO |        |        |        |        |        |        |        |        |        |        |        |        |
--------+--------+--------+--------+--------+--------+--------+--------+--------+--------+--------+--------+--------+----------------------------------------
      8 |      0 |      0 |      0 |     48 |     48 |      8 |      0 |      0 |      0 |      2 |    896 |   1792 | <- (Available Resources in this Region)
--------+--------+--------+--------+--------+--------+--------+--------+--------+--------+--------+--------+--------+----------------------------------------
        |        |        |        |        |        |        |        |        |        |        |        |        | <Global clock Net Name>
--------+--------+--------+--------+--------+--------+--------+--------+--------+--------+--------+--------+--------+----------------------------------------
      0 |      0 |      0 |      0 |      0 |      0 |      0 |      0 |      0 |      0 |      0 |      0 |     18 |FADC_DCLK
      0 |      0 |      0 |      0 |      0 |      0 |      0 |      0 |      0 |      0 |      0 |      0 |     52 |GTX_CLK_0_sig
      0 |      0 |      0 |      0 |      0 |      0 |      0 |      0 |      0 |      0 |      0 |      4 |     27 |icon_control0<0>
--------+--------+--------+--------+--------+--------+--------+--------+--------+--------+--------+--------+--------+----------------------------------------
      0 |      0 |      0 |      0 |      0 |      0 |      0 |      0 |      0 |      0 |      0 |      4 |     97 | Total 
--------+--------+--------+--------+--------+--------+--------+--------+--------+--------+--------+--------+--------+----------------------------------------


Clock-Region: <CLOCKREGION_X1Y3> 
 key resource utilizations (used/available): global-clocks - 3/8 ;
--------+--------+--------+--------+--------+--------+--------+--------+--------+--------+--------+--------+--------+----------------------------------------
   BRAM |    DCM |   PMCD |     GT | ILOGIC | OLOGIC |   MULT |   EMAC |    PPC |   PCIE | IDLYCT | LUTRAM |     FF | <- (Types of Resources in this  Region)
   FIFO |        |        |        |        |        |        |        |        |        |        |        |        |
--------+--------+--------+--------+--------+--------+--------+--------+--------+--------+--------+--------+--------+----------------------------------------
     16 |      0 |      0 |      0 |     32 |     32 |      0 |      0 |      0 |      0 |      1 |    896 |   1792 | <- (Available Resources in this Region)
--------+--------+--------+--------+--------+--------+--------+--------+--------+--------+--------+--------+--------+----------------------------------------
        |        |        |        |        |        |        |        |        |        |        |        |        | <Global clock Net Name>
--------+--------+--------+--------+--------+--------+--------+--------+--------+--------+--------+--------+--------+----------------------------------------
      0 |      0 |      0 |      0 |      1 |      0 |      0 |      0 |      0 |      0 |      0 |      0 |      0 |FADC_DCLK
      8 |      0 |      0 |      0 |      0 |      0 |      0 |      0 |      0 |      0 |      0 |    143 |    485 |GTX_CLK_0_sig
      8 |      0 |      0 |      0 |      0 |      0 |      0 |      0 |      0 |      0 |      0 |      0 |     22 |icon_control0<0>
--------+--------+--------+--------+--------+--------+--------+--------+--------+--------+--------+--------+--------+----------------------------------------
     16 |      0 |      0 |      0 |      1 |      0 |      0 |      0 |      0 |      0 |      0 |    143 |    507 | Total 
--------+--------+--------+--------+--------+--------+--------+--------+--------+--------+--------+--------+--------+----------------------------------------


Clock-Region: <CLOCKREGION_X0Y4> 
 key resource utilizations (used/available): global-clocks - 2/8 ;
--------+--------+--------+--------+--------+--------+--------+--------+--------+--------+--------+--------+--------+----------------------------------------
   BRAM |    DCM |   PMCD |     GT | ILOGIC | OLOGIC |   MULT |   EMAC |    PPC |   PCIE | IDLYCT | LUTRAM |     FF | <- (Types of Resources in this  Region)
   FIFO |        |        |        |        |        |        |        |        |        |        |        |        |
--------+--------+--------+--------+--------+--------+--------+--------+--------+--------+--------+--------+--------+----------------------------------------
      8 |      1 |      2 |      0 |     48 |     48 |      8 |      0 |      0 |      0 |      2 |    896 |   1792 | <- (Available Resources in this Region)
--------+--------+--------+--------+--------+--------+--------+--------+--------+--------+--------+--------+--------+----------------------------------------
        |        |        |        |        |        |        |        |        |        |        |        |        | <Global clock Net Name>
--------+--------+--------+--------+--------+--------+--------+--------+--------+--------+--------+--------+--------+----------------------------------------
      0 |      0 |      0 |      0 |      0 |      0 |      0 |      0 |      0 |      0 |      0 |      1 |     84 |GTX_CLK_0_sig
      0 |      0 |      0 |      0 |      0 |      0 |      0 |      0 |      0 |      0 |      0 |     49 |     31 |icon_control0<0>
--------+--------+--------+--------+--------+--------+--------+--------+--------+--------+--------+--------+--------+----------------------------------------
      0 |      0 |      0 |      0 |      0 |      0 |      0 |      0 |      0 |      0 |      0 |     50 |    115 | Total 
--------+--------+--------+--------+--------+--------+--------+--------+--------+--------+--------+--------+--------+----------------------------------------


Clock-Region: <CLOCKREGION_X1Y4> 
 key resource utilizations (used/available): global-clocks - 2/8 ;
--------+--------+--------+--------+--------+--------+--------+--------+--------+--------+--------+--------+--------+----------------------------------------
   BRAM |    DCM |   PMCD |     GT | ILOGIC | OLOGIC |   MULT |   EMAC |    PPC |   PCIE | IDLYCT | LUTRAM |     FF | <- (Types of Resources in this  Region)
   FIFO |        |        |        |        |        |        |        |        |        |        |        |        |
--------+--------+--------+--------+--------+--------+--------+--------+--------+--------+--------+--------+--------+----------------------------------------
     16 |      0 |      0 |      0 |     32 |     32 |      0 |      0 |      0 |      0 |      1 |    896 |   1792 | <- (Available Resources in this Region)
--------+--------+--------+--------+--------+--------+--------+--------+--------+--------+--------+--------+--------+----------------------------------------
        |        |        |        |        |        |        |        |        |        |        |        |        | <Global clock Net Name>
--------+--------+--------+--------+--------+--------+--------+--------+--------+--------+--------+--------+--------+----------------------------------------
      4 |      0 |      0 |      0 |      0 |      0 |      0 |      0 |      0 |      0 |      0 |     65 |    467 |GTX_CLK_0_sig
      4 |      0 |      0 |      0 |      0 |      0 |      0 |      0 |      0 |      0 |      0 |     64 |      0 |icon_control0<0>
--------+--------+--------+--------+--------+--------+--------+--------+--------+--------+--------+--------+--------+----------------------------------------
      8 |      0 |      0 |      0 |      0 |      0 |      0 |      0 |      0 |      0 |      0 |    129 |    467 | Total 
--------+--------+--------+--------+--------+--------+--------+--------+--------+--------+--------+--------+--------+----------------------------------------


Clock-Region: <CLOCKREGION_X0Y5> 
 key resource utilizations (used/available): global-clocks - 6/8 ;
--------+--------+--------+--------+--------+--------+--------+--------+--------+--------+--------+--------+--------+----------------------------------------
   BRAM |    DCM |   PMCD |     GT | ILOGIC | OLOGIC |   MULT |   EMAC |    PPC |   PCIE | IDLYCT | LUTRAM |     FF | <- (Types of Resources in this  Region)
   FIFO |        |        |        |        |        |        |        |        |        |        |        |        |
--------+--------+--------+--------+--------+--------+--------+--------+--------+--------+--------+--------+--------+----------------------------------------
      8 |      4 |      0 |      0 |     32 |     32 |      8 |      0 |      0 |      0 |      1 |    896 |   1792 | <- (Available Resources in this Region)
--------+--------+--------+--------+--------+--------+--------+--------+--------+--------+--------+--------+--------+----------------------------------------
        |        |        |        |        |        |        |        |        |        |        |        |        | <Global clock Net Name>
--------+--------+--------+--------+--------+--------+--------+--------+--------+--------+--------+--------+--------+----------------------------------------
      0 |      1 |      0 |      0 |      0 |      0 |      0 |      0 |      0 |      0 |      0 |      0 |      0 |CLK_187_5
      0 |      1 |      0 |      0 |      0 |      0 |      0 |      0 |      0 |      0 |      0 |      0 |      0 |CLK_MUX
      0 |      0 |      0 |      0 |      0 |      0 |      0 |      0 |      0 |      0 |      0 |      3 |     18 |GTX_CLK_0_sig
      0 |      1 |      0 |      0 |      0 |      0 |      0 |      0 |      0 |      0 |      0 |      0 |      0 |XLXN_12672
      0 |      1 |      0 |      0 |      0 |      0 |      0 |      0 |      0 |      0 |      0 |      0 |      0 |XLXN_12923
      0 |      0 |      0 |      0 |      0 |      0 |      0 |      0 |      0 |      0 |      0 |     10 |      0 |icon_control0<0>
--------+--------+--------+--------+--------+--------+--------+--------+--------+--------+--------+--------+--------+----------------------------------------
      0 |      4 |      0 |      0 |      0 |      0 |      0 |      0 |      0 |      0 |      0 |     13 |     18 | Total 
--------+--------+--------+--------+--------+--------+--------+--------+--------+--------+--------+--------+--------+----------------------------------------


Clock-Region: <CLOCKREGION_X1Y5> 
 key resource utilizations (used/available): global-clocks - 1/8 ;
--------+--------+--------+--------+--------+--------+--------+--------+--------+--------+--------+--------+--------+----------------------------------------
   BRAM |    DCM |   PMCD |     GT | ILOGIC | OLOGIC |   MULT |   EMAC |    PPC |   PCIE | IDLYCT | LUTRAM |     FF | <- (Types of Resources in this  Region)
   FIFO |        |        |        |        |        |        |        |        |        |        |        |        |
--------+--------+--------+--------+--------+--------+--------+--------+--------+--------+--------+--------+--------+----------------------------------------
     16 |      0 |      0 |      0 |     32 |     32 |      0 |      0 |      0 |      0 |      1 |    896 |   1792 | <- (Available Resources in this Region)
--------+--------+--------+--------+--------+--------+--------+--------+--------+--------+--------+--------+--------+----------------------------------------
        |        |        |        |        |        |        |        |        |        |        |        |        | <Global clock Net Name>
--------+--------+--------+--------+--------+--------+--------+--------+--------+--------+--------+--------+--------+----------------------------------------
      0 |      0 |      0 |      0 |      0 |      0 |      0 |      0 |      0 |      0 |      0 |      5 |    165 |GTX_CLK_0_sig
--------+--------+--------+--------+--------+--------+--------+--------+--------+--------+--------+--------+--------+----------------------------------------
      0 |      0 |      0 |      0 |      0 |      0 |      0 |      0 |      0 |      0 |      0 |      5 |    165 | Total 
--------+--------+--------+--------+--------+--------+--------+--------+--------+--------+--------+--------+--------+----------------------------------------

NOTE:
The above detailed report is the initial placement of the logic after the clock region assignment. The final placement
may be significantly different because of the various optimization steps which will follow. Specifically, logic blocks
maybe moved to adjacent clock-regions as long as the "number of clocks per region" constraint is not violated.


# END of Global Clock Net Loads Distribution Report:
######################################################################################


Phase 6.30  Global Clock Region Assignment (Checksum:ce894fab) REAL time: 25 secs 

Phase 7.3  Local Placement Optimization
.....
Phase 7.3  Local Placement Optimization (Checksum:3ef59958) REAL time: 25 secs 

Phase 8.5  Local Placement Optimization
Phase 8.5  Local Placement Optimization (Checksum:3ef59958) REAL time: 25 secs 

Phase 9.8  Global Placement
...................................
....................................................................................................................
.........
................
..
............
Phase 9.8  Global Placement (Checksum:db3e7cc1) REAL time: 34 secs 

Phase 10.5  Local Placement Optimization
Phase 10.5  Local Placement Optimization (Checksum:db3e7cc1) REAL time: 34 secs 

Phase 11.18  Placement Optimization
Phase 11.18  Placement Optimization (Checksum:d02fd3dc) REAL time: 46 secs 

Phase 12.5  Local Placement Optimization
Phase 12.5  Local Placement Optimization (Checksum:d02fd3dc) REAL time: 46 secs 

Phase 13.34  Placement Validation
Phase 13.34  Placement Validation (Checksum:d02fd3dc) REAL time: 46 secs 

Total REAL time to Placer completion: 46 secs 
Total CPU  time to Placer completion: 46 secs 
Running physical synthesis...

Physical synthesis completed.
Running post-placement packing...
WARNING:PhysDesignRules:372 - Gated clock. Clock net icon_control0<13> is sourced by a combinatorial pin. This is not
   good design practice. Use the CE pin to control the loading of data into the flip-flop.
WARNING:PhysDesignRules:367 - The signal <icon_control0<22>> is incomplete. The signal does not drive any load pins in
   the design.
WARNING:PhysDesignRules:367 - The signal <icon_control0<24>> is incomplete. The signal does not drive any load pins in
   the design.
WARNING:PhysDesignRules:367 - The signal <icon_control0<25>> is incomplete. The signal does not drive any load pins in
   the design.
WARNING:PhysDesignRules:367 - The signal <icon_control0<10>> is incomplete. The signal does not drive any load pins in
   the design.
WARNING:PhysDesignRules:367 - The signal <icon_control0<28>> is incomplete. The signal does not drive any load pins in
   the design.
WARNING:PhysDesignRules:367 - The signal <icon_control0<29>> is incomplete. The signal does not drive any load pins in
   the design.
WARNING:PhysDesignRules:367 - The signal <icon_control0<35>> is incomplete. The signal does not drive any load pins in
   the design.
WARNING:PhysDesignRules:367 - The signal <XLXI_3432/D15> is incomplete. The signal does not drive any load pins in the
   design.
WARNING:PhysDesignRules:367 - The signal <XLXI_3432/D7> is incomplete. The signal does not drive any load pins in the
   design.
WARNING:PhysDesignRules:367 - The signal <XLXI_3432/D9> is incomplete. The signal does not drive any load pins in the
   design.
WARNING:PhysDesignRules:367 - The signal <XLXI_3432/D11> is incomplete. The signal does not drive any load pins in the
   design.
WARNING:PhysDesignRules:367 - The signal <XLXI_3432/D12> is incomplete. The signal does not drive any load pins in the
   design.
WARNING:PhysDesignRules:367 - The signal <XLXI_3432/D13> is incomplete. The signal does not drive any load pins in the
   design.
WARNING:PhysDesignRules:367 - The signal <XLXI_3432/D14> is incomplete. The signal does not drive any load pins in the
   design.
WARNING:PhysDesignRules:367 - The signal <trig_types<5>> is incomplete. The signal does not drive any load pins in the
   design.
WARNING:PhysDesignRules:367 - The signal <ram_en_latch> is incomplete. The signal does not drive any load pins in the
   design.
WARNING:PhysDesignRules:367 - The signal <icon_control0<21>> is incomplete. The signal does not drive any load pins in
   the design.
WARNING:PhysDesignRules:367 - The signal <icon_control0<26>> is incomplete. The signal does not drive any load pins in
   the design.
WARNING:PhysDesignRules:367 - The signal <icon_control0<31>> is incomplete. The signal does not drive any load pins in
   the design.
WARNING:PhysDesignRules:367 - The signal <icon_control0<15>> is incomplete. The signal does not drive any load pins in
   the design.
WARNING:PhysDesignRules:367 - The signal <icon_control0<33>> is incomplete. The signal does not drive any load pins in
   the design.
WARNING:PhysDesignRules:367 - The signal <icon_control0<16>> is incomplete. The signal does not drive any load pins in
   the design.
WARNING:PhysDesignRules:367 - The signal <icon_control0<7>> is incomplete. The signal does not drive any load pins in
   the design.
WARNING:PhysDesignRules:367 - The signal <icon_control0<23>> is incomplete. The signal does not drive any load pins in
   the design.
WARNING:PhysDesignRules:367 - The signal <icon_control0<34>> is incomplete. The signal does not drive any load pins in
   the design.
WARNING:PhysDesignRules:367 - The signal <icon_control0<17>> is incomplete. The signal does not drive any load pins in
   the design.
WARNING:PhysDesignRules:367 - The signal <icon_control0<11>> is incomplete. The signal does not drive any load pins in
   the design.
WARNING:PhysDesignRules:367 - The signal <icon_control0<18>> is incomplete. The signal does not drive any load pins in
   the design.
WARNING:PhysDesignRules:367 - The signal <icon_control0<27>> is incomplete. The signal does not drive any load pins in
   the design.
WARNING:PhysDesignRules:367 - The signal <icon_control0<32>> is incomplete. The signal does not drive any load pins in
   the design.
WARNING:PhysDesignRules:367 - The signal <icon_control0<30>> is incomplete. The signal does not drive any load pins in
   the design.
WARNING:PhysDesignRules:367 - The signal <XLXI_6051/Q<12>> is incomplete. The signal does not drive any load pins in the
   design.
WARNING:PhysDesignRules:367 - The signal <XLXI_6051/Q<13>> is incomplete. The signal does not drive any load pins in the
   design.
WARNING:PhysDesignRules:367 - The signal <trig_types<6>> is incomplete. The signal does not drive any load pins in the
   design.
WARNING:PhysDesignRules:367 - The signal <trig_types<7>> is incomplete. The signal does not drive any load pins in the
   design.
WARNING:PhysDesignRules:367 - The signal
   <XLXI_6341/U0/xst_fifo_generator/gconvfifo.rf/grf.rf/gntv_or_sync_fifo.gl0.wr/gwhf.whf/overflow_i> is incomplete. The
   signal does not drive any load pins in the design.
WARNING:PhysDesignRules:367 - The signal
   <XLXI_6341/U0/xst_fifo_generator/gconvfifo.rf/grf.rf/gntv_or_sync_fifo.gcx.clkx/gsync_stage[2].rd_stg_inst/Q_reg<0>>
   is incomplete. The signal does not drive any load pins in the design.
WARNING:PhysDesignRules:367 - The signal
   <XLXI_6341/U0/xst_fifo_generator/gconvfifo.rf/grf.rf/gntv_or_sync_fifo.gcx.clkx/gsync_stage[2].rd_stg_inst/Q_reg<1>>
   is incomplete. The signal does not drive any load pins in the design.
WARNING:PhysDesignRules:367 - The signal
   <XLXI_6341/U0/xst_fifo_generator/gconvfifo.rf/grf.rf/gntv_or_sync_fifo.gl0.wr/gwas.wsts/ram_full_i> is incomplete.
   The signal does not drive any load pins in the design.
WARNING:PhysDesignRules:367 - The signal <XLXI_5338/GLOBAL_LOGIC1> is incomplete. The signal does not drive any load
   pins in the design.
WARNING:PhysDesignRules:367 - The signal <XLXI_6227/data_manager_blk/rx_info_fifo_rd_data<6>> is incomplete. The signal
   does not drive any load pins in the design.
WARNING:PhysDesignRules:367 - The signal <XLXI_6227/data_manager_blk/rx_info_fifo_rd_data<5>> is incomplete. The signal
   does not drive any load pins in the design.
WARNING:PhysDesignRules:367 - The signal <XLXI_6227/data_manager_blk/rx_info_fifo_rd_data<4>> is incomplete. The signal
   does not drive any load pins in the design.
WARNING:PhysDesignRules:367 - The signal <XLXI_6227/data_manager_blk/tx_ctrl_info_fifo_full> is incomplete. The signal
   does not drive any load pins in the design.
WARNING:PhysDesignRules:367 - The signal <XLXI_6227/data_manager_blk/tx_data_fifo_empty> is incomplete. The signal does
   not drive any load pins in the design.

Design Summary
--------------

Design Summary:
Number of errors:      0
Number of warnings:   53
Logic Utilization:
  Total Number Slice Registers:       3,648 out of  21,504   16%
    Number used as Flip Flops:        3,647
    Number used as Latches:               1
  Number of 4 input LUTs:             5,719 out of  21,504   26%
Logic Distribution:
  Number of occupied Slices:          4,592 out of  10,752   42%
    Number of Slices containing only related logic:   4,592 out of   4,592 100%
    Number of Slices containing unrelated logic:          0 out of   4,592   0%
      *See NOTES below for an explanation of the effects of unrelated logic.
  Total Number of 4 input LUTs:       6,033 out of  21,504   28%
    Number used as logic:             4,891
    Number used as a route-thru:        314
    Number used for Dual Port RAMs:     384
      (Two LUTs used per Dual Port RAM)
    Number used as Shift registers:     444

  The Slice Logic Distribution report is not meaningful if the design is
  over-mapped for a non-slice resource or if Placement fails.
  Number of bonded LOWCAPIOBs              2 out of     112    1%
  Number of bonded IOBs:                 94 out of     448   20%
    IOB Flip Flops:                      64
  Number of BUFG/BUFGCTRLs:              12 out of      32   37%
    Number used as BUFGs:                12
  Number of FIFO16/RAMB16s:              30 out of      72   41%
    Number used as RAMB16s:              30
  Number of DCM_ADVs:                     5 out of       8   62%
  Number of BSCAN_VIRTEX4s:               1 out of       4   25%
  Number of IDELAYCTRLs:                  1 out of      16    6%

  Number of RPM macros:           12
Average Fanout of Non-Clock Nets:                3.34

Peak Memory Usage:  1053 MB
Total REAL time to MAP completion:  51 secs 
Total CPU time to MAP completion:   51 secs 

Mapping completed.
See MAP report file "TOP_LEVEL_map.mrp" for details.
